// Jest Snapshot v1, https://goo.gl/fbAQLP

exports[`ModelCatalogResourceEntityProvider should connect and run should resolve 1`] = `
[
  [
    {
      "entities": [
        {
          "entity": {
            "apiVersion": "backstage.io/v1alpha1",
            "kind": "AiModelServerAPI",
            "metadata": {
              "annotations": {
                "backstage.io/managed-by-location": "ModelCatalogResourceEntityProvider:development",
                "backstage.io/managed-by-origin-location": "ModelCatalogResourceEntityProvider:development",
              },
              "description": "Test model server",
              "links": [
                {
                  "title": "API",
                  "url": "https://api.example.com",
                },
              ],
              "name": "test-model-server",
              "tags": [
                "auth-not-required",
              ],
            },
            "spec": {
              "lifecycle": "production",
              "models": {
                "available": [
                  "ibm-granite",
                ],
                "default": "ibm-granite",
              },
              "owner": "user:example-user",
              "requiresApiKey": false,
              "serverType": "openapi",
              "serverUrl": "https://api.example.com",
              "type": "ai-model-server",
            },
          },
          "locationKey": "ModelCatalogResourceEntityProvider:development",
        },
      ],
      "type": "full",
    },
  ],
]
`;

exports[`ModelCatalogResourceEntityProvider should connect and run should resolve even if the keys returned are null 1`] = `
[
  [
    {
      "entities": [],
      "type": "full",
    },
  ],
]
`;
